// Jest Snapshot v1, https://goo.gl/fbAQLP

exports[`expect to render component 1`] = `"<div />"`;
